// Jest Snapshot v1, https://goo.gl/fbAQLP

exports[`<Square /> renders 1`] = `
<div
  class="Square"
/>
`;
